// Jest Snapshot v1, https://goo.gl/fbAQLP

exports[`VideoLayer.jsx should render 1`] = `
ShallowWrapper {
  Symbol(enzyme.__root__): [Circular],
  Symbol(enzyme.__unrendered__): <VideoLayer />,
  Symbol(enzyme.__renderer__): Object {
    "batchedUpdates": [Function],
    "getNode": [Function],
    "render": [Function],
    "simulateError": [Function],
    "simulateEvent": [Function],
    "unmount": [Function],
  },
  Symbol(enzyme.__node__): Object {
    "instance": null,
    "key": undefined,
    "nodeType": "host",
    "props": Object {
      "children": Array [
        <div
          className="video"
        >
          <video
            autoPlay={true}
            loop={true}
            muted={true}
            poster="manTypingFrame.PNG"
            width="100%"
          >
            <source
              src="manTyping.mp4"
            />
            Your browser does not support the video tag.
          </video>
        </div>,
        <div
          className="content-wrapper"
        >
          <div
            className="content"
          >
            <p>
              This awesome videos are possible because of HTML5
            </p>
            <p>
              Check all the technologies I used to create this website below
            </p>
          </div>
        </div>,
      ],
      "className": "video-layer",
    },
    "ref": null,
    "rendered": Array [
      Object {
        "instance": null,
        "key": undefined,
        "nodeType": "host",
        "props": Object {
          "children": <video
            autoPlay={true}
            loop={true}
            muted={true}
            poster="manTypingFrame.PNG"
            width="100%"
          >
            <source
              src="manTyping.mp4"
            />
            Your browser does not support the video tag.
          </video>,
          "className": "video",
        },
        "ref": null,
        "rendered": Object {
          "instance": null,
          "key": undefined,
          "nodeType": "host",
          "props": Object {
            "autoPlay": true,
            "children": Array [
              <source
                src="manTyping.mp4"
              />,
              "Your browser does not support the video tag.",
            ],
            "loop": true,
            "muted": true,
            "poster": "manTypingFrame.PNG",
            "width": "100%",
          },
          "ref": null,
          "rendered": Array [
            Object {
              "instance": null,
              "key": undefined,
              "nodeType": "host",
              "props": Object {
                "src": "manTyping.mp4",
              },
              "ref": null,
              "rendered": null,
              "type": "source",
            },
            "Your browser does not support the video tag.",
          ],
          "type": "video",
        },
        "type": "div",
      },
      Object {
        "instance": null,
        "key": undefined,
        "nodeType": "host",
        "props": Object {
          "children": <div
            className="content"
          >
            <p>
              This awesome videos are possible because of HTML5
            </p>
            <p>
              Check all the technologies I used to create this website below
            </p>
          </div>,
          "className": "content-wrapper",
        },
        "ref": null,
        "rendered": Object {
          "instance": null,
          "key": undefined,
          "nodeType": "host",
          "props": Object {
            "children": Array [
              <p>
                This awesome videos are possible because of HTML5
              </p>,
              <p>
                Check all the technologies I used to create this website below
              </p>,
            ],
            "className": "content",
          },
          "ref": null,
          "rendered": Array [
            Object {
              "instance": null,
              "key": undefined,
              "nodeType": "host",
              "props": Object {
                "children": "This awesome videos are possible because of HTML5",
              },
              "ref": null,
              "rendered": "This awesome videos are possible because of HTML5",
              "type": "p",
            },
            Object {
              "instance": null,
              "key": undefined,
              "nodeType": "host",
              "props": Object {
                "children": "Check all the technologies I used to create this website below",
              },
              "ref": null,
              "rendered": "Check all the technologies I used to create this website below",
              "type": "p",
            },
          ],
          "type": "div",
        },
        "type": "div",
      },
    ],
    "type": "div",
  },
  Symbol(enzyme.__nodes__): Array [
    Object {
      "instance": null,
      "key": undefined,
      "nodeType": "host",
      "props": Object {
        "children": Array [
          <div
            className="video"
          >
            <video
              autoPlay={true}
              loop={true}
              muted={true}
              poster="manTypingFrame.PNG"
              width="100%"
            >
              <source
                src="manTyping.mp4"
              />
              Your browser does not support the video tag.
            </video>
          </div>,
          <div
            className="content-wrapper"
          >
            <div
              className="content"
            >
              <p>
                This awesome videos are possible because of HTML5
              </p>
              <p>
                Check all the technologies I used to create this website below
              </p>
            </div>
          </div>,
        ],
        "className": "video-layer",
      },
      "ref": null,
      "rendered": Array [
        Object {
          "instance": null,
          "key": undefined,
          "nodeType": "host",
          "props": Object {
            "children": <video
              autoPlay={true}
              loop={true}
              muted={true}
              poster="manTypingFrame.PNG"
              width="100%"
            >
              <source
                src="manTyping.mp4"
              />
              Your browser does not support the video tag.
            </video>,
            "className": "video",
          },
          "ref": null,
          "rendered": Object {
            "instance": null,
            "key": undefined,
            "nodeType": "host",
            "props": Object {
              "autoPlay": true,
              "children": Array [
                <source
                  src="manTyping.mp4"
                />,
                "Your browser does not support the video tag.",
              ],
              "loop": true,
              "muted": true,
              "poster": "manTypingFrame.PNG",
              "width": "100%",
            },
            "ref": null,
            "rendered": Array [
              Object {
                "instance": null,
                "key": undefined,
                "nodeType": "host",
                "props": Object {
                  "src": "manTyping.mp4",
                },
                "ref": null,
                "rendered": null,
                "type": "source",
              },
              "Your browser does not support the video tag.",
            ],
            "type": "video",
          },
          "type": "div",
        },
        Object {
          "instance": null,
          "key": undefined,
          "nodeType": "host",
          "props": Object {
            "children": <div
              className="content"
            >
              <p>
                This awesome videos are possible because of HTML5
              </p>
              <p>
                Check all the technologies I used to create this website below
              </p>
            </div>,
            "className": "content-wrapper",
          },
          "ref": null,
          "rendered": Object {
            "instance": null,
            "key": undefined,
            "nodeType": "host",
            "props": Object {
              "children": Array [
                <p>
                  This awesome videos are possible because of HTML5
                </p>,
                <p>
                  Check all the technologies I used to create this website below
                </p>,
              ],
              "className": "content",
            },
            "ref": null,
            "rendered": Array [
              Object {
                "instance": null,
                "key": undefined,
                "nodeType": "host",
                "props": Object {
                  "children": "This awesome videos are possible because of HTML5",
                },
                "ref": null,
                "rendered": "This awesome videos are possible because of HTML5",
                "type": "p",
              },
              Object {
                "instance": null,
                "key": undefined,
                "nodeType": "host",
                "props": Object {
                  "children": "Check all the technologies I used to create this website below",
                },
                "ref": null,
                "rendered": "Check all the technologies I used to create this website below",
                "type": "p",
              },
            ],
            "type": "div",
          },
          "type": "div",
        },
      ],
      "type": "div",
    },
  ],
  Symbol(enzyme.__options__): Object {
    "adapter": ReactSixteenAdapter {
      "options": Object {
        "enableComponentDidUpdateOnSetState": true,
        "lifecycles": Object {
          "componentDidUpdate": Object {
            "onSetState": true,
          },
          "getDerivedStateFromProps": true,
          "getSnapshotBeforeUpdate": true,
          "setState": Object {
            "skipsComponentDidUpdateOnNullish": true,
          },
        },
      },
    },
  },
}
`;
